nohup: ignoring input
2026/01/04 14:12:37 Connection to Postgres successfully
[GIN-debug] [WARNING] Creating an Engine instance with the Logger and Recovery middleware already attached.

[GIN-debug] [WARNING] Running in "debug" mode. Switch to "release" mode in production.
 - using env:	export GIN_MODE=release
 - using code:	gin.SetMode(gin.ReleaseMode)

[GIN-debug] GET    /ping                     --> main.main.func1 (3 handlers)
[GIN-debug] POST   /login                    --> ihb-transport/internal/handlers.LoginHandler (3 handlers)
[GIN-debug] POST   /api/public/deliveries    --> ihb-transport/internal/handlers.(*Handler).CreateDeliveryHandler-fm (3 handlers)
[GIN-debug] GET    /api/public/deliveries/:id --> ihb-transport/internal/handlers.(*Handler).GetDeliveryByIDHandler-fm (3 handlers)
[GIN-debug] GET    /api/public/deliveries/track --> ihb-transport/internal/handlers.(*Handler).GetDeliveriesByEmailHandler-fm (3 handlers)
[GIN-debug] POST   /api/public/deliveries/:id/accept --> ihb-transport/internal/handlers.(*Handler).AcceptDeliveryPriceHandler-fm (3 handlers)
[GIN-debug] POST   /api/public/deliveries/:id/decline --> ihb-transport/internal/handlers.(*Handler).DeclineDeliveryPriceHandler-fm (3 handlers)
[GIN-debug] GET    /api/admin/deliveries     --> ihb-transport/internal/handlers.(*Handler).GetAllDeliveriesHandler-fm (5 handlers)
[GIN-debug] GET    /api/admin/deliveries/status --> ihb-transport/internal/handlers.(*Handler).GetDeliveriesByStatusHandler-fm (5 handlers)
[GIN-debug] POST   /api/admin/deliveries/:id/price --> ihb-transport/internal/handlers.(*Handler).SetDeliveryPriceHandler-fm (5 handlers)
[GIN-debug] POST   /api/driver/deliveries/:id/pickup --> ihb-transport/internal/handlers.(*Handler).MarkAsPickedUpHandler-fm (4 handlers)
[GIN-debug] POST   /api/driver/deliveries/:id/complete --> ihb-transport/internal/handlers.(*Handler).MarkAsDeliveredHandler-fm (4 handlers)
[GIN-debug] GET    /api/driver/deliveries    --> ihb-transport/internal/handlers.(*Handler).GetDeliveriesByStatusHandler-fm (4 handlers)
2026/01/04 14:12:37 🚀 Server running on :8080
2026/01/04 14:12:37 📋 API Endpoints:
2026/01/04 14:12:37    Public:
2026/01/04 14:12:37      POST   /login
2026/01/04 14:12:37      POST   /api/public/deliveries
2026/01/04 14:12:37      GET    /api/public/deliveries/:id
2026/01/04 14:12:37      GET    /api/public/deliveries/track?email=...
2026/01/04 14:12:37      POST   /api/public/deliveries/:id/accept
2026/01/04 14:12:37      POST   /api/public/deliveries/:id/decline
2026/01/04 14:12:37    Admin (requires auth):
2026/01/04 14:12:37      GET    /api/admin/deliveries
2026/01/04 14:12:37      GET    /api/admin/deliveries/status?status=...
2026/01/04 14:12:37      POST   /api/admin/deliveries/:id/price
2026/01/04 14:12:37    Driver (requires auth):
2026/01/04 14:12:37      POST   /api/driver/deliveries/:id/pickup
2026/01/04 14:12:37      POST   /api/driver/deliveries/:id/complete
[GIN-debug] [WARNING] You trusted all proxies, this is NOT safe. We recommend you to set a value.
Please check https://github.com/gin-gonic/gin/blob/master/docs/doc.md#dont-trust-all-proxies for details.
[GIN-debug] Listening and serving HTTP on :8080
[GIN] 2026/01/04 - 14:12:49 | 200 |      29.327µs |       127.0.0.1 | GET      "/ping"
[GIN] 2026/01/04 - 14:13:04 | 200 |      60.228µs |       127.0.0.1 | GET      "/ping"
[GIN] 2026/01/04 - 14:13:18 | 200 |      98.911µs |       127.0.0.1 | GET      "/ping"
[GIN] 2026/01/04 - 14:13:30 | 200 |      63.298µs |       127.0.0.1 | GET      "/ping"

2026/01/04 14:13:45 [32m/home/kwabsntim/Music/IHB transport/internal/handlers/handlers.go:49
[0m[33m[4.017ms] [34;1m[rows:1][0m SELECT * FROM "admins" WHERE email = 'isaabaidoo@yahoo.com' ORDER BY "admins"."id" LIMIT 1
[GIN] 2026/01/04 - 14:13:46 | 200 |  1.227224458s |       127.0.0.1 | POST     "/login"

2026/01/04 14:14:03 [32m/home/kwabsntim/Music/IHB transport/internal/handlers/handlers.go:49
[0m[33m[0.694ms] [34;1m[rows:1][0m SELECT * FROM "admins" WHERE email = 'isaabaidoo@yahoo.com' ORDER BY "admins"."id" LIMIT 1
[GIN] 2026/01/04 - 14:14:04 | 200 |  1.233986091s |       127.0.0.1 | POST     "/login"

2026/01/04 14:27:54 [32m/home/kwabsntim/Music/IHB transport/internal/repository/repository.go:24
[0m[33m[652.564ms] [34;1m[rows:1][0m INSERT INTO "delivery_requests" ("client_name","client_email","pickup_address","dropoff_address","item_description","weight","price","status","decline_reason","declined_at","created_at","updated_at") VALUES ('John Doe','john@example.com','123 Main Street, Copenhagen','456 Elm Avenue, Aarhus','Electronics - Laptop',3.5,0,'REQUESTED','',NULL,'2026-01-04 14:27:54.222','2026-01-04 14:27:54.222') RETURNING "id"

2026/01/04 14:27:55 [32m/home/kwabsntim/Music/IHB transport/internal/repository/repository.go:153
[0m[33m[221.429ms] [34;1m[rows:1][0m INSERT INTO "status_logs" ("delivery_id","old_status","new_status","changed_by","changed_at") VALUES ('396ffcc7-e026-4799-b598-9011c400e988','','REQUESTED','system','2026-01-04 14:27:54.816') RETURNING "id"
[GIN] 2026/01/04 - 14:27:55 | 201 |  1.081514452s |       127.0.0.1 | POST     "/api/public/deliveries"

2026/01/04 14:39:30 [32m/home/kwabsntim/Music/IHB transport/internal/handlers/handlers.go:49
[0m[33m[490.252ms] [34;1m[rows:1][0m SELECT * FROM "admins" WHERE email = 'isaabaidoo@yahoo.com' ORDER BY "admins"."id" LIMIT 1
[GIN] 2026/01/04 - 14:39:31 | 200 |  2.693006261s |       127.0.0.1 | POST     "/login"

2026/01/04 14:39:31 [32m/home/kwabsntim/Music/IHB transport/internal/repository/repository.go:58
[0m[33m[15.502ms] [34;1m[rows:0][0m SELECT * FROM "email_logs" WHERE "email_logs"."delivery_id" = '396ffcc7-e026-4799-b598-9011c400e988' ORDER BY sent_at DESC

2026/01/04 14:39:31 [32m/home/kwabsntim/Music/IHB transport/internal/repository/repository.go:58
[0m[33m[1.042ms] [34;1m[rows:1][0m SELECT * FROM "status_logs" WHERE "status_logs"."delivery_id" = '396ffcc7-e026-4799-b598-9011c400e988' ORDER BY changed_at DESC

2026/01/04 14:39:31 [32m/home/kwabsntim/Music/IHB transport/internal/repository/repository.go:58
[0m[33m[28.336ms] [34;1m[rows:1][0m SELECT * FROM "delivery_requests" WHERE id = '396ffcc7-e026-4799-b598-9011c400e988' ORDER BY "delivery_requests"."id" LIMIT 1
[GIN] 2026/01/04 - 14:39:31 | 200 |   28.964793ms |       127.0.0.1 | GET      "/api/public/deliveries/396ffcc7-e026-4799-b598-9011c400e988"

2026/01/04 14:40:40 [32m/home/kwabsntim/Music/IHB transport/internal/repository/repository.go:58
[0m[33m[0.249ms] [34;1m[rows:0][0m SELECT * FROM "email_logs" WHERE "email_logs"."delivery_id" = '396ffcc7-e026-4799-b598-9011c400e988' ORDER BY sent_at DESC

2026/01/04 14:40:40 [32m/home/kwabsntim/Music/IHB transport/internal/repository/repository.go:58
[0m[33m[0.254ms] [34;1m[rows:1][0m SELECT * FROM "status_logs" WHERE "status_logs"."delivery_id" = '396ffcc7-e026-4799-b598-9011c400e988' ORDER BY changed_at DESC

2026/01/04 14:40:40 [32m/home/kwabsntim/Music/IHB transport/internal/repository/repository.go:58
[0m[33m[1.294ms] [34;1m[rows:1][0m SELECT * FROM "delivery_requests" WHERE id = '396ffcc7-e026-4799-b598-9011c400e988' ORDER BY "delivery_requests"."id" LIMIT 1
[GIN] 2026/01/04 - 14:40:40 | 200 |    1.416815ms |       127.0.0.1 | GET      "/api/public/deliveries/396ffcc7-e026-4799-b598-9011c400e988"

2026/01/04 14:41:09 [32m/home/kwabsntim/Music/IHB transport/internal/repository/repository.go:87
[0m[33m[0.432ms] [34;1m[rows:0][0m SELECT * FROM "email_logs" WHERE "email_logs"."delivery_id" = '396ffcc7-e026-4799-b598-9011c400e988'

2026/01/04 14:41:09 [32m/home/kwabsntim/Music/IHB transport/internal/repository/repository.go:87
[0m[33m[0.446ms] [34;1m[rows:1][0m SELECT * FROM "status_logs" WHERE "status_logs"."delivery_id" = '396ffcc7-e026-4799-b598-9011c400e988'

2026/01/04 14:41:09 [32m/home/kwabsntim/Music/IHB transport/internal/repository/repository.go:87
[0m[33m[2.053ms] [34;1m[rows:1][0m SELECT * FROM "delivery_requests" WHERE client_email = 'john@example.com' ORDER BY created_at DESC
[GIN] 2026/01/04 - 14:41:09 | 200 |   33.769682ms |       127.0.0.1 | GET      "/api/public/deliveries/track?email=john@example.com"

2026/01/04 14:41:30 [32m/home/kwabsntim/Music/IHB transport/internal/handlers/handlers.go:49
[0m[33m[0.713ms] [34;1m[rows:1][0m SELECT * FROM "admins" WHERE email = 'isaabaidoo@yahoo.com' ORDER BY "admins"."id" LIMIT 1
[GIN] 2026/01/04 - 14:41:31 | 200 |  1.352165371s |       127.0.0.1 | POST     "/login"

2026/01/04 14:41:31 [32m/home/kwabsntim/Music/IHB transport/internal/repository/repository.go:58
[0m[33m[0.291ms] [34;1m[rows:0][0m SELECT * FROM "email_logs" WHERE "email_logs"."delivery_id" = '396ffcc7-e026-4799-b598-9011c400e988' ORDER BY sent_at DESC

2026/01/04 14:41:31 [32m/home/kwabsntim/Music/IHB transport/internal/repository/repository.go:58
[0m[33m[0.344ms] [34;1m[rows:1][0m SELECT * FROM "status_logs" WHERE "status_logs"."delivery_id" = '396ffcc7-e026-4799-b598-9011c400e988' ORDER BY changed_at DESC

2026/01/04 14:41:31 [32m/home/kwabsntim/Music/IHB transport/internal/repository/repository.go:58
[0m[33m[2.061ms] [34;1m[rows:1][0m SELECT * FROM "delivery_requests" WHERE id = '396ffcc7-e026-4799-b598-9011c400e988' ORDER BY "delivery_requests"."id" LIMIT 1

2026/01/04 14:41:31 [32m/home/kwabsntim/Music/IHB transport/internal/repository/repository.go:94
[0m[33m[1.838ms] [34;1m[rows:1][0m INSERT INTO "status_logs" ("delivery_id","old_status","new_status","changed_by","changed_at","id") VALUES ('396ffcc7-e026-4799-b598-9011c400e988','','REQUESTED','system','2026-01-04 14:27:54.816','30d0f2a0-c1cc-46fe-9003-f32f70b891d9') ON CONFLICT ("id") DO UPDATE SET "delivery_id"="excluded"."delivery_id" RETURNING "id"

2026/01/04 14:41:31 [32m/home/kwabsntim/Music/IHB transport/internal/repository/repository.go:94
[0m[33m[38.941ms] [34;1m[rows:1][0m UPDATE "delivery_requests" SET "client_name"='John Doe',"client_email"='john@example.com',"pickup_address"='123 Main Street, Copenhagen',"dropoff_address"='456 Elm Avenue, Aarhus',"item_description"='Electronics - Laptop',"weight"=3.5,"price"=250.5,"status"='PRICED',"decline_reason"='',"declined_at"=NULL,"created_at"='2026-01-04 14:27:54.222',"updated_at"='2026-01-04 14:41:31.856' WHERE "id" = '396ffcc7-e026-4799-b598-9011c400e988'

2026/01/04 14:41:31 [32m/home/kwabsntim/Music/IHB transport/internal/repository/repository.go:153
[0m[33m[8.116ms] [34;1m[rows:1][0m INSERT INTO "status_logs" ("delivery_id","old_status","new_status","changed_by","changed_at") VALUES ('396ffcc7-e026-4799-b598-9011c400e988','REQUESTED','PRICED','admin','2026-01-04 14:41:31.887') RETURNING "id"
📧 EMAIL: PRICE_SENT
   To: john@example.com
   Subject: Price Quote for Delivery #396ffcc7-e026-4799-b598-9011c400e988
   Body: Your delivery quote is $250.50


2026/01/04 14:41:31 [32m/home/kwabsntim/Music/IHB transport/internal/repository/repository.go:193
[0m[33m[45.224ms] [34;1m[rows:1][0m INSERT INTO "email_logs" ("delivery_id","recipient_email","email_type","status","sent_at","error_message") VALUES ('396ffcc7-e026-4799-b598-9011c400e988','john@example.com','PRICE_SENT','sent','2026-01-04 14:41:31.907','') RETURNING "id"
[GIN] 2026/01/04 - 14:41:31 | 200 |  137.175951ms |       127.0.0.1 | POST     "/api/admin/deliveries/396ffcc7-e026-4799-b598-9011c400e988/price"

2026/01/04 14:41:47 [32m/home/kwabsntim/Music/IHB transport/internal/handlers/handlers.go:49
[0m[33m[0.486ms] [34;1m[rows:1][0m SELECT * FROM "admins" WHERE email = 'isaabaidoo@yahoo.com' ORDER BY "admins"."id" LIMIT 1
[GIN] 2026/01/04 - 14:41:49 | 200 |  1.265855751s |       127.0.0.1 | POST     "/login"

2026/01/04 14:42:26 [32m/home/kwabsntim/Music/IHB transport/internal/repository/repository.go:58
[0m[33m[0.490ms] [34;1m[rows:1][0m SELECT * FROM "email_logs" WHERE "email_logs"."delivery_id" = '396ffcc7-e026-4799-b598-9011c400e988' ORDER BY sent_at DESC

2026/01/04 14:42:26 [32m/home/kwabsntim/Music/IHB transport/internal/repository/repository.go:58
[0m[33m[1.091ms] [34;1m[rows:2][0m SELECT * FROM "status_logs" WHERE "status_logs"."delivery_id" = '396ffcc7-e026-4799-b598-9011c400e988' ORDER BY changed_at DESC

2026/01/04 14:42:26 [32m/home/kwabsntim/Music/IHB transport/internal/repository/repository.go:58
[0m[33m[2.545ms] [34;1m[rows:1][0m SELECT * FROM "delivery_requests" WHERE id = '396ffcc7-e026-4799-b598-9011c400e988' ORDER BY "delivery_requests"."id" LIMIT 1
[GIN] 2026/01/04 - 14:42:26 | 400 |    2.705611ms |       127.0.0.1 | POST     "/api/admin/deliveries/396ffcc7-e026-4799-b598-9011c400e988/price"

2026/01/04 14:42:53 [32m/home/kwabsntim/Music/IHB transport/internal/repository/repository.go:24
[0m[33m[68.429ms] [34;1m[rows:1][0m INSERT INTO "delivery_requests" ("client_name","client_email","pickup_address","dropoff_address","item_description","weight","price","status","decline_reason","declined_at","created_at","updated_at") VALUES ('Jane Smith','jane@example.com','789 Oak Street, Copenhagen','321 Pine Road, Odense','Furniture - Table',15.5,0,'REQUESTED','',NULL,'2026-01-04 14:42:53.899','2026-01-04 14:42:53.899') RETURNING "id"

2026/01/04 14:42:53 [32m/home/kwabsntim/Music/IHB transport/internal/repository/repository.go:153
[0m[33m[8.043ms] [34;1m[rows:1][0m INSERT INTO "status_logs" ("delivery_id","old_status","new_status","changed_by","changed_at") VALUES ('d17b234b-7a7b-42eb-bcff-88c22524d63e','','REQUESTED','system','2026-01-04 14:42:53.969') RETURNING "id"
[GIN] 2026/01/04 - 14:42:53 | 201 |   77.247615ms |       127.0.0.1 | POST     "/api/public/deliveries"

2026/01/04 14:43:24 [32m/home/kwabsntim/Music/IHB transport/internal/repository/repository.go:58
[0m[33m[0.520ms] [34;1m[rows:0][0m SELECT * FROM "email_logs" WHERE "email_logs"."delivery_id" = 'd17b234b-7a7b-42eb-bcff-88c22524d63e' ORDER BY sent_at DESC

2026/01/04 14:43:24 [32m/home/kwabsntim/Music/IHB transport/internal/repository/repository.go:58
[0m[33m[1.259ms] [34;1m[rows:1][0m SELECT * FROM "status_logs" WHERE "status_logs"."delivery_id" = 'd17b234b-7a7b-42eb-bcff-88c22524d63e' ORDER BY changed_at DESC

2026/01/04 14:43:24 [32m/home/kwabsntim/Music/IHB transport/internal/repository/repository.go:58
[0m[33m[3.682ms] [34;1m[rows:1][0m SELECT * FROM "delivery_requests" WHERE id = 'd17b234b-7a7b-42eb-bcff-88c22524d63e' ORDER BY "delivery_requests"."id" LIMIT 1

2026/01/04 14:43:24 [32m/home/kwabsntim/Music/IHB transport/internal/repository/repository.go:94
[0m[33m[0.599ms] [34;1m[rows:1][0m INSERT INTO "status_logs" ("delivery_id","old_status","new_status","changed_by","changed_at","id") VALUES ('d17b234b-7a7b-42eb-bcff-88c22524d63e','','REQUESTED','system','2026-01-04 14:42:53.969','d2f9ea87-a4dc-4c0a-a284-3a0dcf31eed5') ON CONFLICT ("id") DO UPDATE SET "delivery_id"="excluded"."delivery_id" RETURNING "id"

2026/01/04 14:43:24 [32m/home/kwabsntim/Music/IHB transport/internal/repository/repository.go:94
[0m[33m[65.354ms] [34;1m[rows:1][0m UPDATE "delivery_requests" SET "client_name"='Jane Smith',"client_email"='jane@example.com',"pickup_address"='789 Oak Street, Copenhagen',"dropoff_address"='321 Pine Road, Odense',"item_description"='Furniture - Table',"weight"=15.5,"price"=350.75,"status"='PRICED',"decline_reason"='',"declined_at"=NULL,"created_at"='2026-01-04 14:42:53.899',"updated_at"='2026-01-04 14:43:24.497' WHERE "id" = 'd17b234b-7a7b-42eb-bcff-88c22524d63e'

2026/01/04 14:43:24 [32m/home/kwabsntim/Music/IHB transport/internal/repository/repository.go:153
[0m[33m[8.067ms] [34;1m[rows:1][0m INSERT INTO "status_logs" ("delivery_id","old_status","new_status","changed_by","changed_at") VALUES ('d17b234b-7a7b-42eb-bcff-88c22524d63e','REQUESTED','PRICED','admin','2026-01-04 14:43:24.564') RETURNING "id"
📧 EMAIL: PRICE_SENT
   To: jane@example.com
   Subject: Price Quote for Delivery #d17b234b-7a7b-42eb-bcff-88c22524d63e
   Body: Your delivery quote is $350.75


2026/01/04 14:43:24 [32m/home/kwabsntim/Music/IHB transport/internal/repository/repository.go:193
[0m[33m[7.785ms] [34;1m[rows:1][0m INSERT INTO "email_logs" ("delivery_id","recipient_email","email_type","status","sent_at","error_message") VALUES ('d17b234b-7a7b-42eb-bcff-88c22524d63e','jane@example.com','PRICE_SENT','sent','2026-01-04 14:43:24.571','') RETURNING "id"
[GIN] 2026/01/04 - 14:43:24 | 200 |   86.147279ms |       127.0.0.1 | POST     "/api/admin/deliveries/d17b234b-7a7b-42eb-bcff-88c22524d63e/price"

2026/01/04 14:46:24 [32m/home/kwabsntim/Music/IHB transport/internal/repository/repository.go:58
[0m[33m[0.311ms] [34;1m[rows:1][0m SELECT * FROM "email_logs" WHERE "email_logs"."delivery_id" = 'd17b234b-7a7b-42eb-bcff-88c22524d63e' ORDER BY sent_at DESC

2026/01/04 14:46:24 [32m/home/kwabsntim/Music/IHB transport/internal/repository/repository.go:58
[0m[33m[0.314ms] [34;1m[rows:2][0m SELECT * FROM "status_logs" WHERE "status_logs"."delivery_id" = 'd17b234b-7a7b-42eb-bcff-88c22524d63e' ORDER BY changed_at DESC

2026/01/04 14:46:24 [32m/home/kwabsntim/Music/IHB transport/internal/repository/repository.go:58
[0m[33m[1.503ms] [34;1m[rows:1][0m SELECT * FROM "delivery_requests" WHERE id = 'd17b234b-7a7b-42eb-bcff-88c22524d63e' ORDER BY "delivery_requests"."id" LIMIT 1
[GIN] 2026/01/04 - 14:46:24 | 400 |    1.691055ms |       127.0.0.1 | POST     "/api/admin/deliveries/d17b234b-7a7b-42eb-bcff-88c22524d63e/price"

2026/01/04 14:47:17 [32m/home/kwabsntim/Music/IHB transport/internal/repository/repository.go:24
[0m[33m[21.440ms] [34;1m[rows:1][0m INSERT INTO "delivery_requests" ("client_name","client_email","pickup_address","dropoff_address","item_description","weight","price","status","decline_reason","declined_at","created_at","updated_at") VALUES ('Test User','test@example.com','Start Location','End Location','Test Package',5,0,'REQUESTED','',NULL,'2026-01-04 14:47:17.326','2026-01-04 14:47:17.326') RETURNING "id"

2026/01/04 14:47:17 [32m/home/kwabsntim/Music/IHB transport/internal/repository/repository.go:153
[0m[33m[8.166ms] [34;1m[rows:1][0m INSERT INTO "status_logs" ("delivery_id","old_status","new_status","changed_by","changed_at") VALUES ('76cec21b-19e6-49a6-83b1-b4b6c4ce9796','','REQUESTED','system','2026-01-04 14:47:17.347') RETURNING "id"
[GIN] 2026/01/04 - 14:47:17 | 201 |   30.001078ms |       127.0.0.1 | POST     "/api/public/deliveries"

2026/01/04 14:47:18 [32m/home/kwabsntim/Music/IHB transport/internal/repository/repository.go:58
[0m[33m[0.201ms] [34;1m[rows:0][0m SELECT * FROM "email_logs" WHERE "email_logs"."delivery_id" = '76cec21b-19e6-49a6-83b1-b4b6c4ce9796' ORDER BY sent_at DESC

2026/01/04 14:47:18 [32m/home/kwabsntim/Music/IHB transport/internal/repository/repository.go:58
[0m[33m[0.199ms] [34;1m[rows:1][0m SELECT * FROM "status_logs" WHERE "status_logs"."delivery_id" = '76cec21b-19e6-49a6-83b1-b4b6c4ce9796' ORDER BY changed_at DESC

2026/01/04 14:47:18 [32m/home/kwabsntim/Music/IHB transport/internal/repository/repository.go:58
[0m[33m[1.310ms] [34;1m[rows:1][0m SELECT * FROM "delivery_requests" WHERE id = '76cec21b-19e6-49a6-83b1-b4b6c4ce9796' ORDER BY "delivery_requests"."id" LIMIT 1

2026/01/04 14:47:18 [32m/home/kwabsntim/Music/IHB transport/internal/repository/repository.go:94
[0m[33m[0.318ms] [34;1m[rows:1][0m INSERT INTO "status_logs" ("delivery_id","old_status","new_status","changed_by","changed_at","id") VALUES ('76cec21b-19e6-49a6-83b1-b4b6c4ce9796','','REQUESTED','system','2026-01-04 14:47:17.347','bd84add1-2ac1-4a83-8207-8568804dc93f') ON CONFLICT ("id") DO UPDATE SET "delivery_id"="excluded"."delivery_id" RETURNING "id"

2026/01/04 14:47:18 [32m/home/kwabsntim/Music/IHB transport/internal/repository/repository.go:94
[0m[33m[23.548ms] [34;1m[rows:1][0m UPDATE "delivery_requests" SET "client_name"='Test User',"client_email"='test@example.com',"pickup_address"='Start Location',"dropoff_address"='End Location',"item_description"='Test Package',"weight"=5,"price"=199.99,"status"='PRICED',"decline_reason"='',"declined_at"=NULL,"created_at"='2026-01-04 14:47:17.326',"updated_at"='2026-01-04 14:47:18.449' WHERE "id" = '76cec21b-19e6-49a6-83b1-b4b6c4ce9796'

2026/01/04 14:47:18 [32m/home/kwabsntim/Music/IHB transport/internal/repository/repository.go:153
[0m[33m[8.544ms] [34;1m[rows:1][0m INSERT INTO "status_logs" ("delivery_id","old_status","new_status","changed_by","changed_at") VALUES ('76cec21b-19e6-49a6-83b1-b4b6c4ce9796','REQUESTED','PRICED','admin','2026-01-04 14:47:18.472') RETURNING "id"
📧 EMAIL: PRICE_SENT
   To: test@example.com
   Subject: Price Quote for Delivery #76cec21b-19e6-49a6-83b1-b4b6c4ce9796
   Body: Your delivery quote is $199.99


2026/01/04 14:47:18 [32m/home/kwabsntim/Music/IHB transport/internal/repository/repository.go:193
[0m[33m[8.001ms] [34;1m[rows:1][0m INSERT INTO "email_logs" ("delivery_id","recipient_email","email_type","status","sent_at","error_message") VALUES ('76cec21b-19e6-49a6-83b1-b4b6c4ce9796','test@example.com','PRICE_SENT','sent','2026-01-04 14:47:18.481','') RETURNING "id"
[GIN] 2026/01/04 - 14:47:18 | 200 |   42.088659ms |       127.0.0.1 | POST     "/api/admin/deliveries/76cec21b-19e6-49a6-83b1-b4b6c4ce9796/price"

2026/01/04 14:47:19 [32m/home/kwabsntim/Music/IHB transport/internal/repository/repository.go:58
[0m[33m[0.240ms] [34;1m[rows:1][0m SELECT * FROM "email_logs" WHERE "email_logs"."delivery_id" = '76cec21b-19e6-49a6-83b1-b4b6c4ce9796' ORDER BY sent_at DESC

2026/01/04 14:47:19 [32m/home/kwabsntim/Music/IHB transport/internal/repository/repository.go:58
[0m[33m[0.212ms] [34;1m[rows:2][0m SELECT * FROM "status_logs" WHERE "status_logs"."delivery_id" = '76cec21b-19e6-49a6-83b1-b4b6c4ce9796' ORDER BY changed_at DESC

2026/01/04 14:47:19 [32m/home/kwabsntim/Music/IHB transport/internal/repository/repository.go:58
[0m[33m[1.286ms] [34;1m[rows:1][0m SELECT * FROM "delivery_requests" WHERE id = '76cec21b-19e6-49a6-83b1-b4b6c4ce9796' ORDER BY "delivery_requests"."id" LIMIT 1

2026/01/04 14:47:19 [32m/home/kwabsntim/Music/IHB transport/internal/repository/repository.go:94
[0m[33m[0.646ms] [34;1m[rows:2][0m INSERT INTO "status_logs" ("delivery_id","old_status","new_status","changed_by","changed_at","id") VALUES ('76cec21b-19e6-49a6-83b1-b4b6c4ce9796','REQUESTED','PRICED','admin','2026-01-04 14:47:18.472','dcafe643-1215-4c9c-a31f-336cd9c09278'),('76cec21b-19e6-49a6-83b1-b4b6c4ce9796','','REQUESTED','system','2026-01-04 14:47:17.347','bd84add1-2ac1-4a83-8207-8568804dc93f') ON CONFLICT ("id") DO UPDATE SET "delivery_id"="excluded"."delivery_id" RETURNING "id"

2026/01/04 14:47:19 [32m/home/kwabsntim/Music/IHB transport/internal/repository/repository.go:94
[0m[33m[0.909ms] [34;1m[rows:1][0m INSERT INTO "email_logs" ("delivery_id","recipient_email","email_type","status","sent_at","error_message","id") VALUES ('76cec21b-19e6-49a6-83b1-b4b6c4ce9796','test@example.com','PRICE_SENT','sent','2026-01-04 14:47:18.481','','79a357f5-c5c6-45ba-aa57-3b9aa1ae80cc') ON CONFLICT ("id") DO UPDATE SET "delivery_id"="excluded"."delivery_id" RETURNING "id"

2026/01/04 14:47:19 [32m/home/kwabsntim/Music/IHB transport/internal/repository/repository.go:94
[0m[33m[20.433ms] [34;1m[rows:1][0m UPDATE "delivery_requests" SET "client_name"='Test User',"client_email"='test@example.com',"pickup_address"='Start Location',"dropoff_address"='End Location',"item_description"='Test Package',"weight"=5,"price"=199.99,"status"='ACCEPTED',"decline_reason"='',"declined_at"=NULL,"created_at"='2026-01-04 14:47:17.326',"updated_at"='2026-01-04 14:47:19.544' WHERE "id" = '76cec21b-19e6-49a6-83b1-b4b6c4ce9796'

2026/01/04 14:47:19 [32m/home/kwabsntim/Music/IHB transport/internal/repository/repository.go:153
[0m[33m[8.073ms] [34;1m[rows:1][0m INSERT INTO "status_logs" ("delivery_id","old_status","new_status","changed_by","changed_at") VALUES ('76cec21b-19e6-49a6-83b1-b4b6c4ce9796','PRICED','ACCEPTED','client','2026-01-04 14:47:19.565') RETURNING "id"
📧 EMAIL: ACCEPTED
   To: test@example.com
   Subject: Delivery Confirmed #76cec21b-19e6-49a6-83b1-b4b6c4ce9796
   Body: Thank you for accepting! Your delivery is confirmed.


2026/01/04 14:47:19 [32m/home/kwabsntim/Music/IHB transport/internal/repository/repository.go:193
[0m[33m[8.154ms] [34;1m[rows:1][0m INSERT INTO "email_logs" ("delivery_id","recipient_email","email_type","status","sent_at","error_message") VALUES ('76cec21b-19e6-49a6-83b1-b4b6c4ce9796','test@example.com','ACCEPTED','sent','2026-01-04 14:47:19.573','') RETURNING "id"
[GIN] 2026/01/04 - 14:47:19 | 200 |   38.635935ms |       127.0.0.1 | POST     "/api/public/deliveries/76cec21b-19e6-49a6-83b1-b4b6c4ce9796/accept"

2026/01/04 14:47:20 [32m/home/kwabsntim/Music/IHB transport/internal/repository/repository.go:58
[0m[33m[0.199ms] [34;1m[rows:2][0m SELECT * FROM "email_logs" WHERE "email_logs"."delivery_id" = '76cec21b-19e6-49a6-83b1-b4b6c4ce9796' ORDER BY sent_at DESC

2026/01/04 14:47:20 [32m/home/kwabsntim/Music/IHB transport/internal/repository/repository.go:58
[0m[33m[0.227ms] [34;1m[rows:3][0m SELECT * FROM "status_logs" WHERE "status_logs"."delivery_id" = '76cec21b-19e6-49a6-83b1-b4b6c4ce9796' ORDER BY changed_at DESC

2026/01/04 14:47:20 [32m/home/kwabsntim/Music/IHB transport/internal/repository/repository.go:58
[0m[33m[1.275ms] [34;1m[rows:1][0m SELECT * FROM "delivery_requests" WHERE id = '76cec21b-19e6-49a6-83b1-b4b6c4ce9796' ORDER BY "delivery_requests"."id" LIMIT 1

2026/01/04 14:47:20 [32m/home/kwabsntim/Music/IHB transport/internal/repository/repository.go:94
[0m[33m[3.744ms] [34;1m[rows:3][0m INSERT INTO "status_logs" ("delivery_id","old_status","new_status","changed_by","changed_at","id") VALUES ('76cec21b-19e6-49a6-83b1-b4b6c4ce9796','PRICED','ACCEPTED','client','2026-01-04 14:47:19.565','7da346fa-1787-4bd0-8edd-2cb33576f003'),('76cec21b-19e6-49a6-83b1-b4b6c4ce9796','REQUESTED','PRICED','admin','2026-01-04 14:47:18.472','dcafe643-1215-4c9c-a31f-336cd9c09278'),('76cec21b-19e6-49a6-83b1-b4b6c4ce9796','','REQUESTED','system','2026-01-04 14:47:17.347','bd84add1-2ac1-4a83-8207-8568804dc93f') ON CONFLICT ("id") DO UPDATE SET "delivery_id"="excluded"."delivery_id" RETURNING "id"

2026/01/04 14:47:20 [32m/home/kwabsntim/Music/IHB transport/internal/repository/repository.go:94
[0m[33m[3.124ms] [34;1m[rows:2][0m INSERT INTO "email_logs" ("delivery_id","recipient_email","email_type","status","sent_at","error_message","id") VALUES ('76cec21b-19e6-49a6-83b1-b4b6c4ce9796','test@example.com','ACCEPTED','sent','2026-01-04 14:47:19.573','','177df526-ab43-4794-93f9-84a95e6addf3'),('76cec21b-19e6-49a6-83b1-b4b6c4ce9796','test@example.com','PRICE_SENT','sent','2026-01-04 14:47:18.481','','79a357f5-c5c6-45ba-aa57-3b9aa1ae80cc') ON CONFLICT ("id") DO UPDATE SET "delivery_id"="excluded"."delivery_id" RETURNING "id"

2026/01/04 14:47:20 [32m/home/kwabsntim/Music/IHB transport/internal/repository/repository.go:94
[0m[33m[29.273ms] [34;1m[rows:1][0m UPDATE "delivery_requests" SET "client_name"='Test User',"client_email"='test@example.com',"pickup_address"='Start Location',"dropoff_address"='End Location',"item_description"='Test Package',"weight"=5,"price"=199.99,"status"='IN_PROGRESS',"decline_reason"='',"declined_at"=NULL,"created_at"='2026-01-04 14:47:17.326',"updated_at"='2026-01-04 14:47:20.652' WHERE "id" = '76cec21b-19e6-49a6-83b1-b4b6c4ce9796'

2026/01/04 14:47:20 [32m/home/kwabsntim/Music/IHB transport/internal/repository/repository.go:153
[0m[33m[8.795ms] [34;1m[rows:1][0m INSERT INTO "status_logs" ("delivery_id","old_status","new_status","changed_by","changed_at") VALUES ('76cec21b-19e6-49a6-83b1-b4b6c4ce9796','ACCEPTED','IN_PROGRESS','driver','2026-01-04 14:47:20.681') RETURNING "id"
📧 EMAIL: DRIVER_ON_WAY
   To: test@example.com
   Subject: Driver En Route - Delivery #76cec21b-19e6-49a6-83b1-b4b6c4ce9796
   Body: Great news! Our driver has picked up your package and is on the way.


2026/01/04 14:47:20 [32m/home/kwabsntim/Music/IHB transport/internal/repository/repository.go:193
[0m[33m[7.006ms] [34;1m[rows:1][0m INSERT INTO "email_logs" ("delivery_id","recipient_email","email_type","status","sent_at","error_message") VALUES ('76cec21b-19e6-49a6-83b1-b4b6c4ce9796','test@example.com','DRIVER_ON_WAY','sent','2026-01-04 14:47:20.691','') RETURNING "id"
[GIN] 2026/01/04 - 14:47:20 | 200 |   47.223431ms |       127.0.0.1 | POST     "/api/driver/deliveries/76cec21b-19e6-49a6-83b1-b4b6c4ce9796/pickup"

2026/01/04 14:47:21 [32m/home/kwabsntim/Music/IHB transport/internal/repository/repository.go:58
[0m[33m[0.410ms] [34;1m[rows:3][0m SELECT * FROM "email_logs" WHERE "email_logs"."delivery_id" = '76cec21b-19e6-49a6-83b1-b4b6c4ce9796' ORDER BY sent_at DESC

2026/01/04 14:47:21 [32m/home/kwabsntim/Music/IHB transport/internal/repository/repository.go:58
[0m[33m[1.814ms] [34;1m[rows:4][0m SELECT * FROM "status_logs" WHERE "status_logs"."delivery_id" = '76cec21b-19e6-49a6-83b1-b4b6c4ce9796' ORDER BY changed_at DESC

2026/01/04 14:47:21 [32m/home/kwabsntim/Music/IHB transport/internal/repository/repository.go:58
[0m[33m[4.131ms] [34;1m[rows:1][0m SELECT * FROM "delivery_requests" WHERE id = '76cec21b-19e6-49a6-83b1-b4b6c4ce9796' ORDER BY "delivery_requests"."id" LIMIT 1

2026/01/04 14:47:21 [32m/home/kwabsntim/Music/IHB transport/internal/repository/repository.go:94
[0m[33m[1.082ms] [34;1m[rows:4][0m INSERT INTO "status_logs" ("delivery_id","old_status","new_status","changed_by","changed_at","id") VALUES ('76cec21b-19e6-49a6-83b1-b4b6c4ce9796','ACCEPTED','IN_PROGRESS','driver','2026-01-04 14:47:20.681','91690c93-8483-4c87-8e7e-ecb4d91a8d0b'),('76cec21b-19e6-49a6-83b1-b4b6c4ce9796','PRICED','ACCEPTED','client','2026-01-04 14:47:19.565','7da346fa-1787-4bd0-8edd-2cb33576f003'),('76cec21b-19e6-49a6-83b1-b4b6c4ce9796','REQUESTED','PRICED','admin','2026-01-04 14:47:18.472','dcafe643-1215-4c9c-a31f-336cd9c09278'),('76cec21b-19e6-49a6-83b1-b4b6c4ce9796','','REQUESTED','system','2026-01-04 14:47:17.347','bd84add1-2ac1-4a83-8207-8568804dc93f') ON CONFLICT ("id") DO UPDATE SET "delivery_id"="excluded"."delivery_id" RETURNING "id"

2026/01/04 14:47:21 [32m/home/kwabsntim/Music/IHB transport/internal/repository/repository.go:94
[0m[33m[1.096ms] [34;1m[rows:3][0m INSERT INTO "email_logs" ("delivery_id","recipient_email","email_type","status","sent_at","error_message","id") VALUES ('76cec21b-19e6-49a6-83b1-b4b6c4ce9796','test@example.com','DRIVER_ON_WAY','sent','2026-01-04 14:47:20.691','','e9c5b3f8-71d9-4341-9b54-4fc1c3626dec'),('76cec21b-19e6-49a6-83b1-b4b6c4ce9796','test@example.com','ACCEPTED','sent','2026-01-04 14:47:19.573','','177df526-ab43-4794-93f9-84a95e6addf3'),('76cec21b-19e6-49a6-83b1-b4b6c4ce9796','test@example.com','PRICE_SENT','sent','2026-01-04 14:47:18.481','','79a357f5-c5c6-45ba-aa57-3b9aa1ae80cc') ON CONFLICT ("id") DO UPDATE SET "delivery_id"="excluded"."delivery_id" RETURNING "id"

2026/01/04 14:47:21 [32m/home/kwabsntim/Music/IHB transport/internal/repository/repository.go:94
[0m[33m[27.426ms] [34;1m[rows:1][0m UPDATE "delivery_requests" SET "client_name"='Test User',"client_email"='test@example.com',"pickup_address"='Start Location',"dropoff_address"='End Location',"item_description"='Test Package',"weight"=5,"price"=199.99,"status"='DELIVERED',"decline_reason"='',"declined_at"=NULL,"created_at"='2026-01-04 14:47:17.326',"updated_at"='2026-01-04 14:47:21.756' WHERE "id" = '76cec21b-19e6-49a6-83b1-b4b6c4ce9796'

2026/01/04 14:47:21 [32m/home/kwabsntim/Music/IHB transport/internal/repository/repository.go:153
[0m[33m[5.936ms] [34;1m[rows:1][0m INSERT INTO "status_logs" ("delivery_id","old_status","new_status","changed_by","changed_at") VALUES ('76cec21b-19e6-49a6-83b1-b4b6c4ce9796','IN_PROGRESS','DELIVERED','driver','2026-01-04 14:47:21.784') RETURNING "id"
📧 EMAIL: DELIVERED
   To: test@example.com
   Subject: Delivery Completed #76cec21b-19e6-49a6-83b1-b4b6c4ce9796
   Body: Your package has been successfully delivered. Thank you!


2026/01/04 14:47:21 [32m/home/kwabsntim/Music/IHB transport/internal/repository/repository.go:193
[0m[33m[41.400ms] [34;1m[rows:1][0m INSERT INTO "email_logs" ("delivery_id","recipient_email","email_type","status","sent_at","error_message") VALUES ('76cec21b-19e6-49a6-83b1-b4b6c4ce9796','test@example.com','DELIVERED','sent','2026-01-04 14:47:21.791','') RETURNING "id"
[GIN] 2026/01/04 - 14:47:21 | 200 |   80.118632ms |       127.0.0.1 | POST     "/api/driver/deliveries/76cec21b-19e6-49a6-83b1-b4b6c4ce9796/complete"

2026/01/04 14:47:22 [32m/home/kwabsntim/Music/IHB transport/internal/repository/repository.go:58
[0m[33m[0.269ms] [34;1m[rows:4][0m SELECT * FROM "email_logs" WHERE "email_logs"."delivery_id" = '76cec21b-19e6-49a6-83b1-b4b6c4ce9796' ORDER BY sent_at DESC

2026/01/04 14:47:22 [32m/home/kwabsntim/Music/IHB transport/internal/repository/repository.go:58
[0m[33m[0.245ms] [34;1m[rows:5][0m SELECT * FROM "status_logs" WHERE "status_logs"."delivery_id" = '76cec21b-19e6-49a6-83b1-b4b6c4ce9796' ORDER BY changed_at DESC

2026/01/04 14:47:22 [32m/home/kwabsntim/Music/IHB transport/internal/repository/repository.go:58
[0m[33m[1.435ms] [34;1m[rows:1][0m SELECT * FROM "delivery_requests" WHERE id = '76cec21b-19e6-49a6-83b1-b4b6c4ce9796' ORDER BY "delivery_requests"."id" LIMIT 1
[GIN] 2026/01/04 - 14:47:22 | 200 |    1.593517ms |       127.0.0.1 | GET      "/api/public/deliveries/76cec21b-19e6-49a6-83b1-b4b6c4ce9796"

2026/01/04 14:48:04 [32m/home/kwabsntim/Music/IHB transport/internal/repository/repository.go:24
[0m[33m[46.356ms] [34;1m[rows:1][0m INSERT INTO "delivery_requests" ("client_name","client_email","pickup_address","dropoff_address","item_description","weight","price","status","decline_reason","declined_at","created_at","updated_at") VALUES ('Test User','test@example.com','Start Location','End Location','Test Package',5,0,'REQUESTED','',NULL,'2026-01-04 14:48:04.405','2026-01-04 14:48:04.405') RETURNING "id"

2026/01/04 14:48:04 [32m/home/kwabsntim/Music/IHB transport/internal/repository/repository.go:153
[0m[33m[41.686ms] [34;1m[rows:1][0m INSERT INTO "status_logs" ("delivery_id","old_status","new_status","changed_by","changed_at") VALUES ('146b7aba-15da-4d3b-b31b-2a8c99246ea5','','REQUESTED','system','2026-01-04 14:48:04.451') RETURNING "id"
[GIN] 2026/01/04 - 14:48:04 | 201 |   88.646541ms |       127.0.0.1 | POST     "/api/public/deliveries"

2026/01/04 14:48:05 [32m/home/kwabsntim/Music/IHB transport/internal/repository/repository.go:58
[0m[33m[0.165ms] [34;1m[rows:0][0m SELECT * FROM "email_logs" WHERE "email_logs"."delivery_id" = '146b7aba-15da-4d3b-b31b-2a8c99246ea5' ORDER BY sent_at DESC

2026/01/04 14:48:05 [32m/home/kwabsntim/Music/IHB transport/internal/repository/repository.go:58
[0m[33m[0.640ms] [34;1m[rows:1][0m SELECT * FROM "status_logs" WHERE "status_logs"."delivery_id" = '146b7aba-15da-4d3b-b31b-2a8c99246ea5' ORDER BY changed_at DESC

2026/01/04 14:48:05 [32m/home/kwabsntim/Music/IHB transport/internal/repository/repository.go:58
[0m[33m[1.653ms] [34;1m[rows:1][0m SELECT * FROM "delivery_requests" WHERE id = '146b7aba-15da-4d3b-b31b-2a8c99246ea5' ORDER BY "delivery_requests"."id" LIMIT 1

2026/01/04 14:48:05 [32m/home/kwabsntim/Music/IHB transport/internal/repository/repository.go:94
[0m[33m[0.359ms] [34;1m[rows:1][0m INSERT INTO "status_logs" ("delivery_id","old_status","new_status","changed_by","changed_at","id") VALUES ('146b7aba-15da-4d3b-b31b-2a8c99246ea5','','REQUESTED','system','2026-01-04 14:48:04.451','7335309e-2323-4882-9326-caf8151b05b9') ON CONFLICT ("id") DO UPDATE SET "delivery_id"="excluded"."delivery_id" RETURNING "id"

2026/01/04 14:48:05 [32m/home/kwabsntim/Music/IHB transport/internal/repository/repository.go:94
[0m[33m[19.307ms] [34;1m[rows:1][0m UPDATE "delivery_requests" SET "client_name"='Test User',"client_email"='test@example.com',"pickup_address"='Start Location',"dropoff_address"='End Location',"item_description"='Test Package',"weight"=5,"price"=199.99,"status"='PRICED',"decline_reason"='',"declined_at"=NULL,"created_at"='2026-01-04 14:48:04.405',"updated_at"='2026-01-04 14:48:05.59' WHERE "id" = '146b7aba-15da-4d3b-b31b-2a8c99246ea5'

2026/01/04 14:48:05 [32m/home/kwabsntim/Music/IHB transport/internal/repository/repository.go:153
[0m[33m[8.231ms] [34;1m[rows:1][0m INSERT INTO "status_logs" ("delivery_id","old_status","new_status","changed_by","changed_at") VALUES ('146b7aba-15da-4d3b-b31b-2a8c99246ea5','REQUESTED','PRICED','admin','2026-01-04 14:48:05.61') RETURNING "id"
📧 EMAIL: PRICE_SENT
   To: test@example.com
   Subject: Price Quote for Delivery #146b7aba-15da-4d3b-b31b-2a8c99246ea5
   Body: Your delivery quote is $199.99


2026/01/04 14:48:05 [32m/home/kwabsntim/Music/IHB transport/internal/repository/repository.go:193
[0m[33m[8.211ms] [34;1m[rows:1][0m INSERT INTO "email_logs" ("delivery_id","recipient_email","email_type","status","sent_at","error_message") VALUES ('146b7aba-15da-4d3b-b31b-2a8c99246ea5','test@example.com','PRICE_SENT','sent','2026-01-04 14:48:05.618','') RETURNING "id"
[GIN] 2026/01/04 - 14:48:05 | 200 |   37.949471ms |       127.0.0.1 | POST     "/api/admin/deliveries/146b7aba-15da-4d3b-b31b-2a8c99246ea5/price"

2026/01/04 14:48:06 [32m/home/kwabsntim/Music/IHB transport/internal/repository/repository.go:58
[0m[33m[0.246ms] [34;1m[rows:1][0m SELECT * FROM "email_logs" WHERE "email_logs"."delivery_id" = '146b7aba-15da-4d3b-b31b-2a8c99246ea5' ORDER BY sent_at DESC

2026/01/04 14:48:06 [32m/home/kwabsntim/Music/IHB transport/internal/repository/repository.go:58
[0m[33m[0.235ms] [34;1m[rows:2][0m SELECT * FROM "status_logs" WHERE "status_logs"."delivery_id" = '146b7aba-15da-4d3b-b31b-2a8c99246ea5' ORDER BY changed_at DESC

2026/01/04 14:48:06 [32m/home/kwabsntim/Music/IHB transport/internal/repository/repository.go:58
[0m[33m[1.551ms] [34;1m[rows:1][0m SELECT * FROM "delivery_requests" WHERE id = '146b7aba-15da-4d3b-b31b-2a8c99246ea5' ORDER BY "delivery_requests"."id" LIMIT 1

2026/01/04 14:48:06 [32m/home/kwabsntim/Music/IHB transport/internal/repository/repository.go:94
[0m[33m[0.518ms] [34;1m[rows:2][0m INSERT INTO "status_logs" ("delivery_id","old_status","new_status","changed_by","changed_at","id") VALUES ('146b7aba-15da-4d3b-b31b-2a8c99246ea5','REQUESTED','PRICED','admin','2026-01-04 14:48:05.61','734dced3-5831-4a33-a91b-3b4dc2ca9628'),('146b7aba-15da-4d3b-b31b-2a8c99246ea5','','REQUESTED','system','2026-01-04 14:48:04.451','7335309e-2323-4882-9326-caf8151b05b9') ON CONFLICT ("id") DO UPDATE SET "delivery_id"="excluded"."delivery_id" RETURNING "id"

2026/01/04 14:48:06 [32m/home/kwabsntim/Music/IHB transport/internal/repository/repository.go:94
[0m[33m[0.439ms] [34;1m[rows:1][0m INSERT INTO "email_logs" ("delivery_id","recipient_email","email_type","status","sent_at","error_message","id") VALUES ('146b7aba-15da-4d3b-b31b-2a8c99246ea5','test@example.com','PRICE_SENT','sent','2026-01-04 14:48:05.618','','e1628357-2477-44a9-aa31-805272a1c6fb') ON CONFLICT ("id") DO UPDATE SET "delivery_id"="excluded"."delivery_id" RETURNING "id"

2026/01/04 14:48:06 [32m/home/kwabsntim/Music/IHB transport/internal/repository/repository.go:94
[0m[33m[16.739ms] [34;1m[rows:1][0m UPDATE "delivery_requests" SET "client_name"='Test User',"client_email"='test@example.com',"pickup_address"='Start Location',"dropoff_address"='End Location',"item_description"='Test Package',"weight"=5,"price"=199.99,"status"='ACCEPTED',"decline_reason"='',"declined_at"=NULL,"created_at"='2026-01-04 14:48:04.405',"updated_at"='2026-01-04 14:48:06.643' WHERE "id" = '146b7aba-15da-4d3b-b31b-2a8c99246ea5'

2026/01/04 14:48:06 [32m/home/kwabsntim/Music/IHB transport/internal/repository/repository.go:153
[0m[33m[7.976ms] [34;1m[rows:1][0m INSERT INTO "status_logs" ("delivery_id","old_status","new_status","changed_by","changed_at") VALUES ('146b7aba-15da-4d3b-b31b-2a8c99246ea5','PRICED','ACCEPTED','client','2026-01-04 14:48:06.66') RETURNING "id"
📧 EMAIL: ACCEPTED
   To: test@example.com
   Subject: Delivery Confirmed #146b7aba-15da-4d3b-b31b-2a8c99246ea5
   Body: Thank you for accepting! Your delivery is confirmed.


2026/01/04 14:48:06 [32m/home/kwabsntim/Music/IHB transport/internal/repository/repository.go:193
[0m[33m[8.118ms] [34;1m[rows:1][0m INSERT INTO "email_logs" ("delivery_id","recipient_email","email_type","status","sent_at","error_message") VALUES ('146b7aba-15da-4d3b-b31b-2a8c99246ea5','test@example.com','ACCEPTED','sent','2026-01-04 14:48:06.668','') RETURNING "id"
[GIN] 2026/01/04 - 14:48:06 | 200 |   35.001063ms |       127.0.0.1 | POST     "/api/public/deliveries/146b7aba-15da-4d3b-b31b-2a8c99246ea5/accept"

2026/01/04 14:48:07 [32m/home/kwabsntim/Music/IHB transport/internal/repository/repository.go:58
[0m[33m[0.186ms] [34;1m[rows:2][0m SELECT * FROM "email_logs" WHERE "email_logs"."delivery_id" = '146b7aba-15da-4d3b-b31b-2a8c99246ea5' ORDER BY sent_at DESC

2026/01/04 14:48:07 [32m/home/kwabsntim/Music/IHB transport/internal/repository/repository.go:58
[0m[33m[0.194ms] [34;1m[rows:3][0m SELECT * FROM "status_logs" WHERE "status_logs"."delivery_id" = '146b7aba-15da-4d3b-b31b-2a8c99246ea5' ORDER BY changed_at DESC

2026/01/04 14:48:07 [32m/home/kwabsntim/Music/IHB transport/internal/repository/repository.go:58
[0m[33m[1.055ms] [34;1m[rows:1][0m SELECT * FROM "delivery_requests" WHERE id = '146b7aba-15da-4d3b-b31b-2a8c99246ea5' ORDER BY "delivery_requests"."id" LIMIT 1

2026/01/04 14:48:07 [32m/home/kwabsntim/Music/IHB transport/internal/repository/repository.go:94
[0m[33m[0.403ms] [34;1m[rows:3][0m INSERT INTO "status_logs" ("delivery_id","old_status","new_status","changed_by","changed_at","id") VALUES ('146b7aba-15da-4d3b-b31b-2a8c99246ea5','PRICED','ACCEPTED','client','2026-01-04 14:48:06.66','42b2b07d-1409-49b6-956e-ff571be3feb7'),('146b7aba-15da-4d3b-b31b-2a8c99246ea5','REQUESTED','PRICED','admin','2026-01-04 14:48:05.61','734dced3-5831-4a33-a91b-3b4dc2ca9628'),('146b7aba-15da-4d3b-b31b-2a8c99246ea5','','REQUESTED','system','2026-01-04 14:48:04.451','7335309e-2323-4882-9326-caf8151b05b9') ON CONFLICT ("id") DO UPDATE SET "delivery_id"="excluded"."delivery_id" RETURNING "id"

2026/01/04 14:48:07 [32m/home/kwabsntim/Music/IHB transport/internal/repository/repository.go:94
[0m[33m[0.291ms] [34;1m[rows:2][0m INSERT INTO "email_logs" ("delivery_id","recipient_email","email_type","status","sent_at","error_message","id") VALUES ('146b7aba-15da-4d3b-b31b-2a8c99246ea5','test@example.com','ACCEPTED','sent','2026-01-04 14:48:06.668','','dfd53b97-74e0-4051-865e-27e4d99d3c81'),('146b7aba-15da-4d3b-b31b-2a8c99246ea5','test@example.com','PRICE_SENT','sent','2026-01-04 14:48:05.618','','e1628357-2477-44a9-aa31-805272a1c6fb') ON CONFLICT ("id") DO UPDATE SET "delivery_id"="excluded"."delivery_id" RETURNING "id"

2026/01/04 14:48:07 [32m/home/kwabsntim/Music/IHB transport/internal/repository/repository.go:94
[0m[33m[36.677ms] [34;1m[rows:1][0m UPDATE "delivery_requests" SET "client_name"='Test User',"client_email"='test@example.com',"pickup_address"='Start Location',"dropoff_address"='End Location',"item_description"='Test Package',"weight"=5,"price"=199.99,"status"='IN_PROGRESS',"decline_reason"='',"declined_at"=NULL,"created_at"='2026-01-04 14:48:04.405',"updated_at"='2026-01-04 14:48:07.69' WHERE "id" = '146b7aba-15da-4d3b-b31b-2a8c99246ea5'

2026/01/04 14:48:07 [32m/home/kwabsntim/Music/IHB transport/internal/repository/repository.go:153
[0m[33m[8.158ms] [34;1m[rows:1][0m INSERT INTO "status_logs" ("delivery_id","old_status","new_status","changed_by","changed_at") VALUES ('146b7aba-15da-4d3b-b31b-2a8c99246ea5','ACCEPTED','IN_PROGRESS','driver','2026-01-04 14:48:07.727') RETURNING "id"
📧 EMAIL: DRIVER_ON_WAY
   To: test@example.com
   Subject: Driver En Route - Delivery #146b7aba-15da-4d3b-b31b-2a8c99246ea5
   Body: Great news! Our driver has picked up your package and is on the way.


2026/01/04 14:48:07 [32m/home/kwabsntim/Music/IHB transport/internal/repository/repository.go:193
[0m[33m[8.187ms] [34;1m[rows:1][0m INSERT INTO "email_logs" ("delivery_id","recipient_email","email_type","status","sent_at","error_message") VALUES ('146b7aba-15da-4d3b-b31b-2a8c99246ea5','test@example.com','DRIVER_ON_WAY','sent','2026-01-04 14:48:07.735','') RETURNING "id"
[GIN] 2026/01/04 - 14:48:07 | 200 |   54.612267ms |       127.0.0.1 | POST     "/api/driver/deliveries/146b7aba-15da-4d3b-b31b-2a8c99246ea5/pickup"

2026/01/04 14:48:08 [32m/home/kwabsntim/Music/IHB transport/internal/repository/repository.go:58
[0m[33m[0.169ms] [34;1m[rows:3][0m SELECT * FROM "email_logs" WHERE "email_logs"."delivery_id" = '146b7aba-15da-4d3b-b31b-2a8c99246ea5' ORDER BY sent_at DESC

2026/01/04 14:48:08 [32m/home/kwabsntim/Music/IHB transport/internal/repository/repository.go:58
[0m[33m[0.201ms] [34;1m[rows:4][0m SELECT * FROM "status_logs" WHERE "status_logs"."delivery_id" = '146b7aba-15da-4d3b-b31b-2a8c99246ea5' ORDER BY changed_at DESC

2026/01/04 14:48:08 [32m/home/kwabsntim/Music/IHB transport/internal/repository/repository.go:58
[0m[33m[0.984ms] [34;1m[rows:1][0m SELECT * FROM "delivery_requests" WHERE id = '146b7aba-15da-4d3b-b31b-2a8c99246ea5' ORDER BY "delivery_requests"."id" LIMIT 1

2026/01/04 14:48:08 [32m/home/kwabsntim/Music/IHB transport/internal/repository/repository.go:94
[0m[33m[0.332ms] [34;1m[rows:4][0m INSERT INTO "status_logs" ("delivery_id","old_status","new_status","changed_by","changed_at","id") VALUES ('146b7aba-15da-4d3b-b31b-2a8c99246ea5','ACCEPTED','IN_PROGRESS','driver','2026-01-04 14:48:07.727','a816326c-dd3e-4e9e-b746-925dbbf237c5'),('146b7aba-15da-4d3b-b31b-2a8c99246ea5','PRICED','ACCEPTED','client','2026-01-04 14:48:06.66','42b2b07d-1409-49b6-956e-ff571be3feb7'),('146b7aba-15da-4d3b-b31b-2a8c99246ea5','REQUESTED','PRICED','admin','2026-01-04 14:48:05.61','734dced3-5831-4a33-a91b-3b4dc2ca9628'),('146b7aba-15da-4d3b-b31b-2a8c99246ea5','','REQUESTED','system','2026-01-04 14:48:04.451','7335309e-2323-4882-9326-caf8151b05b9') ON CONFLICT ("id") DO UPDATE SET "delivery_id"="excluded"."delivery_id" RETURNING "id"

2026/01/04 14:48:08 [32m/home/kwabsntim/Music/IHB transport/internal/repository/repository.go:94
[0m[33m[0.350ms] [34;1m[rows:3][0m INSERT INTO "email_logs" ("delivery_id","recipient_email","email_type","status","sent_at","error_message","id") VALUES ('146b7aba-15da-4d3b-b31b-2a8c99246ea5','test@example.com','DRIVER_ON_WAY','sent','2026-01-04 14:48:07.735','','49f3fd87-26eb-464c-b2d9-90d755a65ae3'),('146b7aba-15da-4d3b-b31b-2a8c99246ea5','test@example.com','ACCEPTED','sent','2026-01-04 14:48:06.668','','dfd53b97-74e0-4051-865e-27e4d99d3c81'),('146b7aba-15da-4d3b-b31b-2a8c99246ea5','test@example.com','PRICE_SENT','sent','2026-01-04 14:48:05.618','','e1628357-2477-44a9-aa31-805272a1c6fb') ON CONFLICT ("id") DO UPDATE SET "delivery_id"="excluded"."delivery_id" RETURNING "id"

2026/01/04 14:48:08 [32m/home/kwabsntim/Music/IHB transport/internal/repository/repository.go:94
[0m[33m[36.375ms] [34;1m[rows:1][0m UPDATE "delivery_requests" SET "client_name"='Test User',"client_email"='test@example.com',"pickup_address"='Start Location',"dropoff_address"='End Location',"item_description"='Test Package',"weight"=5,"price"=199.99,"status"='DELIVERED',"decline_reason"='',"declined_at"=NULL,"created_at"='2026-01-04 14:48:04.405',"updated_at"='2026-01-04 14:48:08.757' WHERE "id" = '146b7aba-15da-4d3b-b31b-2a8c99246ea5'

2026/01/04 14:48:08 [32m/home/kwabsntim/Music/IHB transport/internal/repository/repository.go:153
[0m[33m[8.222ms] [34;1m[rows:1][0m INSERT INTO "status_logs" ("delivery_id","old_status","new_status","changed_by","changed_at") VALUES ('146b7aba-15da-4d3b-b31b-2a8c99246ea5','IN_PROGRESS','DELIVERED','driver','2026-01-04 14:48:08.793') RETURNING "id"
📧 EMAIL: DELIVERED
   To: test@example.com
   Subject: Delivery Completed #146b7aba-15da-4d3b-b31b-2a8c99246ea5
   Body: Your package has been successfully delivered. Thank you!


2026/01/04 14:48:08 [32m/home/kwabsntim/Music/IHB transport/internal/repository/repository.go:193
[0m[33m[10.216ms] [34;1m[rows:1][0m INSERT INTO "email_logs" ("delivery_id","recipient_email","email_type","status","sent_at","error_message") VALUES ('146b7aba-15da-4d3b-b31b-2a8c99246ea5','test@example.com','DELIVERED','sent','2026-01-04 14:48:08.802','') RETURNING "id"
[GIN] 2026/01/04 - 14:48:08 | 200 |   56.565118ms |       127.0.0.1 | POST     "/api/driver/deliveries/146b7aba-15da-4d3b-b31b-2a8c99246ea5/complete"

2026/01/04 14:48:08 [32m/home/kwabsntim/Music/IHB transport/internal/repository/repository.go:58
[0m[33m[0.216ms] [34;1m[rows:4][0m SELECT * FROM "email_logs" WHERE "email_logs"."delivery_id" = '146b7aba-15da-4d3b-b31b-2a8c99246ea5' ORDER BY sent_at DESC

2026/01/04 14:48:08 [32m/home/kwabsntim/Music/IHB transport/internal/repository/repository.go:58
[0m[33m[0.193ms] [34;1m[rows:5][0m SELECT * FROM "status_logs" WHERE "status_logs"."delivery_id" = '146b7aba-15da-4d3b-b31b-2a8c99246ea5' ORDER BY changed_at DESC

2026/01/04 14:48:08 [32m/home/kwabsntim/Music/IHB transport/internal/repository/repository.go:58
[0m[33m[1.018ms] [34;1m[rows:1][0m SELECT * FROM "delivery_requests" WHERE id = '146b7aba-15da-4d3b-b31b-2a8c99246ea5' ORDER BY "delivery_requests"."id" LIMIT 1
[GIN] 2026/01/04 - 14:48:08 | 200 |    1.127815ms |       127.0.0.1 | GET      "/api/public/deliveries/146b7aba-15da-4d3b-b31b-2a8c99246ea5"

2026/01/04 14:48:39 [32m/home/kwabsntim/Music/IHB transport/internal/repository/repository.go:24
[0m[33m[19.681ms] [34;1m[rows:1][0m INSERT INTO "delivery_requests" ("client_name","client_email","pickup_address","dropoff_address","item_description","weight","price","status","decline_reason","declined_at","created_at","updated_at") VALUES ('Decline Tester','decline@example.com','Start','End','Test',2,0,'REQUESTED','',NULL,'2026-01-04 14:48:39.119','2026-01-04 14:48:39.119') RETURNING "id"

2026/01/04 14:48:39 [32m/home/kwabsntim/Music/IHB transport/internal/repository/repository.go:153
[0m[33m[7.539ms] [34;1m[rows:1][0m INSERT INTO "status_logs" ("delivery_id","old_status","new_status","changed_by","changed_at") VALUES ('4f518298-35be-4767-84fc-3e507db57cfe','','REQUESTED','system','2026-01-04 14:48:39.138') RETURNING "id"
[GIN] 2026/01/04 - 14:48:39 | 201 |   28.027011ms |       127.0.0.1 | POST     "/api/public/deliveries"

2026/01/04 14:48:40 [32m/home/kwabsntim/Music/IHB transport/internal/repository/repository.go:58
[0m[33m[0.149ms] [34;1m[rows:0][0m SELECT * FROM "email_logs" WHERE "email_logs"."delivery_id" = '4f518298-35be-4767-84fc-3e507db57cfe' ORDER BY sent_at DESC

2026/01/04 14:48:40 [32m/home/kwabsntim/Music/IHB transport/internal/repository/repository.go:58
[0m[33m[0.197ms] [34;1m[rows:1][0m SELECT * FROM "status_logs" WHERE "status_logs"."delivery_id" = '4f518298-35be-4767-84fc-3e507db57cfe' ORDER BY changed_at DESC

2026/01/04 14:48:40 [32m/home/kwabsntim/Music/IHB transport/internal/repository/repository.go:58
[0m[33m[1.143ms] [34;1m[rows:1][0m SELECT * FROM "delivery_requests" WHERE id = '4f518298-35be-4767-84fc-3e507db57cfe' ORDER BY "delivery_requests"."id" LIMIT 1

2026/01/04 14:48:40 [32m/home/kwabsntim/Music/IHB transport/internal/repository/repository.go:94
[0m[33m[0.209ms] [34;1m[rows:1][0m INSERT INTO "status_logs" ("delivery_id","old_status","new_status","changed_by","changed_at","id") VALUES ('4f518298-35be-4767-84fc-3e507db57cfe','','REQUESTED','system','2026-01-04 14:48:39.138','8936f048-254f-45e5-b97f-c586d6eb2459') ON CONFLICT ("id") DO UPDATE SET "delivery_id"="excluded"."delivery_id" RETURNING "id"

2026/01/04 14:48:40 [32m/home/kwabsntim/Music/IHB transport/internal/repository/repository.go:94
[0m[33m[16.963ms] [34;1m[rows:1][0m UPDATE "delivery_requests" SET "client_name"='Decline Tester',"client_email"='decline@example.com',"pickup_address"='Start',"dropoff_address"='End',"item_description"='Test',"weight"=2,"price"=999.99,"status"='PRICED',"decline_reason"='',"declined_at"=NULL,"created_at"='2026-01-04 14:48:39.119',"updated_at"='2026-01-04 14:48:40.162' WHERE "id" = '4f518298-35be-4767-84fc-3e507db57cfe'

2026/01/04 14:48:40 [32m/home/kwabsntim/Music/IHB transport/internal/repository/repository.go:153
[0m[33m[8.297ms] [34;1m[rows:1][0m INSERT INTO "status_logs" ("delivery_id","old_status","new_status","changed_by","changed_at") VALUES ('4f518298-35be-4767-84fc-3e507db57cfe','REQUESTED','PRICED','admin','2026-01-04 14:48:40.179') RETURNING "id"
📧 EMAIL: PRICE_SENT
   To: decline@example.com
   Subject: Price Quote for Delivery #4f518298-35be-4767-84fc-3e507db57cfe
   Body: Your delivery quote is $999.99


2026/01/04 14:48:40 [32m/home/kwabsntim/Music/IHB transport/internal/repository/repository.go:193
[0m[33m[8.247ms] [34;1m[rows:1][0m INSERT INTO "email_logs" ("delivery_id","recipient_email","email_type","status","sent_at","error_message") VALUES ('4f518298-35be-4767-84fc-3e507db57cfe','decline@example.com','PRICE_SENT','sent','2026-01-04 14:48:40.187','') RETURNING "id"
[GIN] 2026/01/04 - 14:48:40 | 200 |   35.108422ms |       127.0.0.1 | POST     "/api/admin/deliveries/4f518298-35be-4767-84fc-3e507db57cfe/price"

2026/01/04 14:48:41 [32m/home/kwabsntim/Music/IHB transport/internal/repository/repository.go:58
[0m[33m[0.225ms] [34;1m[rows:1][0m SELECT * FROM "email_logs" WHERE "email_logs"."delivery_id" = '4f518298-35be-4767-84fc-3e507db57cfe' ORDER BY sent_at DESC

2026/01/04 14:48:41 [32m/home/kwabsntim/Music/IHB transport/internal/repository/repository.go:58
[0m[33m[0.231ms] [34;1m[rows:2][0m SELECT * FROM "status_logs" WHERE "status_logs"."delivery_id" = '4f518298-35be-4767-84fc-3e507db57cfe' ORDER BY changed_at DESC

2026/01/04 14:48:41 [32m/home/kwabsntim/Music/IHB transport/internal/repository/repository.go:58
[0m[33m[1.096ms] [34;1m[rows:1][0m SELECT * FROM "delivery_requests" WHERE id = '4f518298-35be-4767-84fc-3e507db57cfe' ORDER BY "delivery_requests"."id" LIMIT 1

2026/01/04 14:48:41 [32m/home/kwabsntim/Music/IHB transport/internal/repository/repository.go:94
[0m[33m[0.307ms] [34;1m[rows:2][0m INSERT INTO "status_logs" ("delivery_id","old_status","new_status","changed_by","changed_at","id") VALUES ('4f518298-35be-4767-84fc-3e507db57cfe','REQUESTED','PRICED','admin','2026-01-04 14:48:40.179','62861ea7-6582-4206-af23-03a9b09923dc'),('4f518298-35be-4767-84fc-3e507db57cfe','','REQUESTED','system','2026-01-04 14:48:39.138','8936f048-254f-45e5-b97f-c586d6eb2459') ON CONFLICT ("id") DO UPDATE SET "delivery_id"="excluded"."delivery_id" RETURNING "id"

2026/01/04 14:48:41 [32m/home/kwabsntim/Music/IHB transport/internal/repository/repository.go:94
[0m[33m[0.256ms] [34;1m[rows:1][0m INSERT INTO "email_logs" ("delivery_id","recipient_email","email_type","status","sent_at","error_message","id") VALUES ('4f518298-35be-4767-84fc-3e507db57cfe','decline@example.com','PRICE_SENT','sent','2026-01-04 14:48:40.187','','1d21d14b-fc5f-449d-b3e5-41b9b9246788') ON CONFLICT ("id") DO UPDATE SET "delivery_id"="excluded"."delivery_id" RETURNING "id"

2026/01/04 14:48:41 [32m/home/kwabsntim/Music/IHB transport/internal/repository/repository.go:94
[0m[33m[21.179ms] [34;1m[rows:1][0m UPDATE "delivery_requests" SET "client_name"='Decline Tester',"client_email"='decline@example.com',"pickup_address"='Start',"dropoff_address"='End',"item_description"='Test',"weight"=2,"price"=999.99,"status"='DECLINED',"decline_reason"='Too expensive, cannot afford it',"declined_at"='2026-01-04 14:48:41.208',"created_at"='2026-01-04 14:48:39.119',"updated_at"='2026-01-04 14:48:41.208' WHERE "id" = '4f518298-35be-4767-84fc-3e507db57cfe'

2026/01/04 14:48:41 [32m/home/kwabsntim/Music/IHB transport/internal/repository/repository.go:153
[0m[33m[8.034ms] [34;1m[rows:1][0m INSERT INTO "status_logs" ("delivery_id","old_status","new_status","changed_by","changed_at") VALUES ('4f518298-35be-4767-84fc-3e507db57cfe','PRICED','DECLINED','client','2026-01-04 14:48:41.229') RETURNING "id"
📧 EMAIL: PRICE_DECLINED
   To: admin@ihbtransport.com
   Subject: Price Declined - Delivery #4f518298-35be-4767-84fc-3e507db57cfe
   Body: Client decline@example.com declined the price.
   Reason: Too expensive, cannot afford it

📧 EMAIL: DECLINE_CONFIRMATION
   To: decline@example.com
   Subject: Delivery Request Declined #4f518298-35be-4767-84fc-3e507db57cfe
   Body: We understand the price wasn't suitable. We may contact you with a better offer.


2026/01/04 14:48:41 [32m/home/kwabsntim/Music/IHB transport/internal/repository/repository.go:193
[0m[33m[8.271ms] [34;1m[rows:1][0m INSERT INTO "email_logs" ("delivery_id","recipient_email","email_type","status","sent_at","error_message") VALUES ('4f518298-35be-4767-84fc-3e507db57cfe','decline@example.com','PRICE_DECLINED','sent','2026-01-04 14:48:41.238','') RETURNING "id"
[GIN] 2026/01/04 - 14:48:41 | 200 |   39.395231ms |       127.0.0.1 | POST     "/api/public/deliveries/4f518298-35be-4767-84fc-3e507db57cfe/decline"

2026/01/04 14:48:42 [32m/home/kwabsntim/Music/IHB transport/internal/repository/repository.go:58
[0m[33m[0.200ms] [34;1m[rows:2][0m SELECT * FROM "email_logs" WHERE "email_logs"."delivery_id" = '4f518298-35be-4767-84fc-3e507db57cfe' ORDER BY sent_at DESC

2026/01/04 14:48:42 [32m/home/kwabsntim/Music/IHB transport/internal/repository/repository.go:58
[0m[33m[0.212ms] [34;1m[rows:3][0m SELECT * FROM "status_logs" WHERE "status_logs"."delivery_id" = '4f518298-35be-4767-84fc-3e507db57cfe' ORDER BY changed_at DESC

2026/01/04 14:48:42 [32m/home/kwabsntim/Music/IHB transport/internal/repository/repository.go:58
[0m[33m[1.014ms] [34;1m[rows:1][0m SELECT * FROM "delivery_requests" WHERE id = '4f518298-35be-4767-84fc-3e507db57cfe' ORDER BY "delivery_requests"."id" LIMIT 1
[GIN] 2026/01/04 - 14:48:42 | 200 |    1.145528ms |       127.0.0.1 | GET      "/api/public/deliveries/4f518298-35be-4767-84fc-3e507db57cfe"

2026/01/04 14:48:42 [32m/home/kwabsntim/Music/IHB transport/internal/repository/repository.go:58
[0m[33m[0.285ms] [34;1m[rows:2][0m SELECT * FROM "email_logs" WHERE "email_logs"."delivery_id" = '4f518298-35be-4767-84fc-3e507db57cfe' ORDER BY sent_at DESC

2026/01/04 14:48:42 [32m/home/kwabsntim/Music/IHB transport/internal/repository/repository.go:58
[0m[33m[0.195ms] [34;1m[rows:3][0m SELECT * FROM "status_logs" WHERE "status_logs"."delivery_id" = '4f518298-35be-4767-84fc-3e507db57cfe' ORDER BY changed_at DESC

2026/01/04 14:48:42 [32m/home/kwabsntim/Music/IHB transport/internal/repository/repository.go:58
[0m[33m[1.057ms] [34;1m[rows:1][0m SELECT * FROM "delivery_requests" WHERE id = '4f518298-35be-4767-84fc-3e507db57cfe' ORDER BY "delivery_requests"."id" LIMIT 1
[GIN] 2026/01/04 - 14:48:42 | 200 |    1.188797ms |       127.0.0.1 | GET      "/api/public/deliveries/4f518298-35be-4767-84fc-3e507db57cfe"

2026/01/04 14:48:42 [32m/home/kwabsntim/Music/IHB transport/internal/repository/repository.go:44
[0m[33m[0.953ms] [34;1m[rows:12][0m SELECT * FROM "email_logs" WHERE "email_logs"."delivery_id" IN ('4f518298-35be-4767-84fc-3e507db57cfe','146b7aba-15da-4d3b-b31b-2a8c99246ea5','76cec21b-19e6-49a6-83b1-b4b6c4ce9796','d17b234b-7a7b-42eb-bcff-88c22524d63e','396ffcc7-e026-4799-b598-9011c400e988') ORDER BY sent_at DESC

2026/01/04 14:48:42 [32m/home/kwabsntim/Music/IHB transport/internal/repository/repository.go:44
[0m[33m[0.512ms] [34;1m[rows:17][0m SELECT * FROM "status_logs" WHERE "status_logs"."delivery_id" IN ('4f518298-35be-4767-84fc-3e507db57cfe','146b7aba-15da-4d3b-b31b-2a8c99246ea5','76cec21b-19e6-49a6-83b1-b4b6c4ce9796','d17b234b-7a7b-42eb-bcff-88c22524d63e','396ffcc7-e026-4799-b598-9011c400e988') ORDER BY changed_at DESC

2026/01/04 14:48:42 [32m/home/kwabsntim/Music/IHB transport/internal/repository/repository.go:44
[0m[33m[18.700ms] [34;1m[rows:5][0m SELECT * FROM "delivery_requests" ORDER BY created_at DESC
[GIN] 2026/01/04 - 14:48:42 | 200 |   18.981151ms |       127.0.0.1 | GET      "/api/admin/deliveries"

2026/01/04 14:48:42 [32m/home/kwabsntim/Music/IHB transport/internal/repository/repository.go:74
[0m[33m[0.283ms] [34;1m[rows:2][0m SELECT * FROM "email_logs" WHERE "email_logs"."delivery_id" = '4f518298-35be-4767-84fc-3e507db57cfe'

2026/01/04 14:48:42 [32m/home/kwabsntim/Music/IHB transport/internal/repository/repository.go:74
[0m[33m[0.237ms] [34;1m[rows:3][0m SELECT * FROM "status_logs" WHERE "status_logs"."delivery_id" = '4f518298-35be-4767-84fc-3e507db57cfe'

2026/01/04 14:48:42 [32m/home/kwabsntim/Music/IHB transport/internal/repository/repository.go:74
[0m[33m[1.197ms] [34;1m[rows:1][0m SELECT * FROM "delivery_requests" WHERE status = 'DECLINED' ORDER BY created_at DESC
[GIN] 2026/01/04 - 14:48:42 | 200 |    1.363362ms |       127.0.0.1 | GET      "/api/admin/deliveries/status?status=DECLINED"

2026/01/04 14:48:42 [32m/home/kwabsntim/Music/IHB transport/internal/repository/repository.go:74
[0m[33m[1.666ms] [34;1m[rows:8][0m SELECT * FROM "email_logs" WHERE "email_logs"."delivery_id" IN ('146b7aba-15da-4d3b-b31b-2a8c99246ea5','76cec21b-19e6-49a6-83b1-b4b6c4ce9796')

2026/01/04 14:48:42 [32m/home/kwabsntim/Music/IHB transport/internal/repository/repository.go:74
[0m[33m[0.681ms] [34;1m[rows:10][0m SELECT * FROM "status_logs" WHERE "status_logs"."delivery_id" IN ('146b7aba-15da-4d3b-b31b-2a8c99246ea5','76cec21b-19e6-49a6-83b1-b4b6c4ce9796')

2026/01/04 14:48:42 [32m/home/kwabsntim/Music/IHB transport/internal/repository/repository.go:74
[0m[33m[3.575ms] [34;1m[rows:2][0m SELECT * FROM "delivery_requests" WHERE status = 'DELIVERED' ORDER BY created_at DESC
[GIN] 2026/01/04 - 14:48:42 | 200 |    3.852121ms |       127.0.0.1 | GET      "/api/admin/deliveries/status?status=DELIVERED"
